1785859238.299350 client started (2970767): version 3.4, socket /tmp/tmux-1001/default, protocol 8
1785859238.299396 on Linux 6.8.0-101-generic #101-Ubuntu SMP PREEMPT_DYNAMIC Mon Feb  9 10:15:05 UTC 2026
1785859238.299401 using libevent 2.1.12-stable poll
1785859238.299404 using ncurses 6.4 20240113
1785859238.299426 flags are 0x18010000
1785859238.299454 socket is /tmp/tmux-1001/default
1785859238.299473 trying connect
1785859238.300791 connect failed: Connection refused
1785859238.300825 lock file is /tmp/tmux-1001/default.lock
1785859238.300897 flock succeeded
1785859238.300901 got lock (6)
1785859238.300917 trying connect
1785859238.300931 connect failed: Connection refused
1785859238.301441 add peer 0x585f6d47be30: 7 ((nil))
1785859238.308982 sending message 100 to peer 0x585f6d47be30 (4 bytes)
1785859238.309015 sending message 111 to peer 0x585f6d47be30 (8 bytes)
1785859238.309023 sending message 101 to peer 0x585f6d47be30 (15 bytes)
1785859238.309027 sending message 109 to peer 0x585f6d47be30 (4 bytes)
1785859238.309030 sending message 102 to peer 0x585f6d47be30 (11 bytes)
1785859238.309034 sending message 108 to peer 0x585f6d47be30 (28 bytes)
1785859238.309038 sending message 112 to peer 0x585f6d47be30 (58 bytes)
1785859238.309041 sending message 112 to peer 0x585f6d47be30 (5 bytes)
1785859238.309045 sending message 112 to peer 0x585f6d47be30 (5 bytes)
1785859238.309048 sending message 112 to peer 0x585f6d47be30 (6 bytes)
1785859238.309051 sending message 112 to peer 0x585f6d47be30 (6 bytes)
1785859238.309054 sending message 112 to peer 0x585f6d47be30 (11 bytes)
1785859238.309057 sending message 112 to peer 0x585f6d47be30 (10 bytes)
1785859238.309060 sending message 112 to peer 0x585f6d47be30 (13 bytes)
1785859238.309102 sending message 112 to peer 0x585f6d47be30 (14 bytes)
1785859238.309106 sending message 112 to peer 0x585f6d47be30 (19 bytes)
1785859238.309110 sending message 112 to peer 0x585f6d47be30 (11 bytes)
1785859238.309115 sending message 112 to peer 0x585f6d47be30 (10 bytes)
1785859238.309119 sending message 112 to peer 0x585f6d47be30 (15 bytes)
1785859238.309123 sending message 112 to peer 0x585f6d47be30 (21 bytes)
1785859238.309128 sending message 112 to peer 0x585f6d47be30 (13 bytes)
1785859238.309132 sending message 112 to peer 0x585f6d47be30 (7 bytes)
1785859238.309136 sending message 112 to peer 0x585f6d47be30 (13 bytes)
1785859238.309140 sending message 112 to peer 0x585f6d47be30 (7 bytes)
1785859238.309145 sending message 112 to peer 0x585f6d47be30 (13 bytes)
1785859238.309151 sending message 112 to peer 0x585f6d47be30 (9 bytes)
1785859238.309160 sending message 112 to peer 0x585f6d47be30 (21 bytes)
1785859238.309168 sending message 112 to peer 0x585f6d47be30 (13 bytes)
1785859238.309171 sending message 112 to peer 0x585f6d47be30 (9 bytes)
1785859238.309174 sending message 112 to peer 0x585f6d47be30 (16 bytes)
1785859238.309177 sending message 112 to peer 0x585f6d47be30 (13 bytes)
1785859238.309180 sending message 112 to peer 0x585f6d47be30 (9 bytes)
1785859238.309183 sending message 112 to peer 0x585f6d47be30 (9 bytes)
1785859238.309187 sending message 112 to peer 0x585f6d47be30 (12 bytes)
1785859238.309191 sending message 112 to peer 0x585f6d47be30 (8 bytes)
1785859238.309194 sending message 112 to peer 0x585f6d47be30 (8 bytes)
1785859238.309198 sending message 112 to peer 0x585f6d47be30 (13 bytes)
1785859238.309201 sending message 112 to peer 0x585f6d47be30 (7 bytes)
1785859238.309207 sending message 112 to peer 0x585f6d47be30 (7 bytes)
1785859238.309212 sending message 112 to peer 0x585f6d47be30 (9 bytes)
1785859238.309217 sending message 112 to peer 0x585f6d47be30 (9 bytes)
1785859238.309221 sending message 112 to peer 0x585f6d47be30 (15 bytes)
1785859238.309226 sending message 112 to peer 0x585f6d47be30 (13 bytes)
1785859238.309230 sending message 112 to peer 0x585f6d47be30 (12 bytes)
1785859238.309234 sending message 112 to peer 0x585f6d47be30 (8 bytes)
1785859238.309238 sending message 112 to peer 0x585f6d47be30 (14 bytes)
1785859238.309242 sending message 112 to peer 0x585f6d47be30 (11 bytes)
1785859238.309257 sending message 112 to peer 0x585f6d47be30 (9 bytes)
1785859238.309262 sending message 112 to peer 0x585f6d47be30 (10 bytes)
1785859238.309266 sending message 112 to peer 0x585f6d47be30 (10 bytes)
1785859238.309270 sending message 112 to peer 0x585f6d47be30 (10 bytes)
1785859238.309274 sending message 112 to peer 0x585f6d47be30 (10 bytes)
1785859238.309278 sending message 112 to peer 0x585f6d47be30 (11 bytes)
1785859238.309283 sending message 112 to peer 0x585f6d47be30 (12 bytes)
1785859238.309287 sending message 112 to peer 0x585f6d47be30 (12 bytes)
1785859238.309291 sending message 112 to peer 0x585f6d47be30 (12 bytes)
1785859238.309295 sending message 112 to peer 0x585f6d47be30 (12 bytes)
1785859238.309299 sending message 112 to peer 0x585f6d47be30 (12 bytes)
1785859238.309304 sending message 112 to peer 0x585f6d47be30 (11 bytes)
1785859238.309308 sending message 112 to peer 0x585f6d47be30 (11 bytes)
1785859238.309312 sending message 112 to peer 0x585f6d47be30 (12 bytes)
1785859238.309316 sending message 112 to peer 0x585f6d47be30 (12 bytes)
1785859238.309321 sending message 112 to peer 0x585f6d47be30 (12 bytes)
1785859238.309325 sending message 112 to peer 0x585f6d47be30 (12 bytes)
1785859238.309329 sending message 112 to peer 0x585f6d47be30 (12 bytes)
1785859238.309333 sending message 112 to peer 0x585f6d47be30 (9 bytes)
1785859238.309337 sending message 112 to peer 0x585f6d47be30 (12 bytes)
1785859238.309342 sending message 112 to peer 0x585f6d47be30 (13 bytes)
1785859238.309346 sending message 112 to peer 0x585f6d47be30 (13 bytes)
1785859238.309350 sending message 112 to peer 0x585f6d47be30 (13 bytes)
1785859238.309354 sending message 112 to peer 0x585f6d47be30 (13 bytes)
1785859238.309358 sending message 112 to peer 0x585f6d47be30 (13 bytes)
1785859238.309362 sending message 112 to peer 0x585f6d47be30 (8 bytes)
1785859238.309366 sending message 112 to peer 0x585f6d47be30 (11 bytes)
1785859238.309371 sending message 112 to peer 0x585f6d47be30 (11 bytes)
1785859238.309375 sending message 112 to peer 0x585f6d47be30 (11 bytes)
1785859238.309381 sending message 112 to peer 0x585f6d47be30 (12 bytes)
1785859238.309389 sending message 112 to peer 0x585f6d47be30 (12 bytes)
1785859238.309393 sending message 112 to peer 0x585f6d47be30 (12 bytes)
1785859238.309396 sending message 112 to peer 0x585f6d47be30 (12 bytes)
1785859238.309399 sending message 112 to peer 0x585f6d47be30 (13 bytes)
1785859238.309403 sending message 112 to peer 0x585f6d47be30 (13 bytes)
1785859238.309406 sending message 112 to peer 0x585f6d47be30 (13 bytes)
1785859238.309412 sending message 112 to peer 0x585f6d47be30 (8 bytes)
1785859238.309418 sending message 112 to peer 0x585f6d47be30 (13 bytes)
1785859238.309423 sending message 112 to peer 0x585f6d47be30 (13 bytes)
1785859238.309427 sending message 112 to peer 0x585f6d47be30 (13 bytes)
1785859238.309432 sending message 112 to peer 0x585f6d47be30 (13 bytes)
1785859238.309436 sending message 112 to peer 0x585f6d47be30 (13 bytes)
1785859238.309440 sending message 112 to peer 0x585f6d47be30 (12 bytes)
1785859238.309444 sending message 112 to peer 0x585f6d47be30 (12 bytes)
1785859238.309448 sending message 112 to peer 0x585f6d47be30 (12 bytes)
1785859238.309453 sending message 112 to peer 0x585f6d47be30 (12 bytes)
1785859238.309457 sending message 112 to peer 0x585f6d47be30 (13 bytes)
1785859238.309461 sending message 112 to peer 0x585f6d47be30 (8 bytes)
1785859238.309465 sending message 112 to peer 0x585f6d47be30 (13 bytes)
1785859238.309469 sending message 112 to peer 0x585f6d47be30 (13 bytes)
1785859238.309474 sending message 112 to peer 0x585f6d47be30 (13 bytes)
1785859238.309478 sending message 112 to peer 0x585f6d47be30 (13 bytes)
1785859238.309482 sending message 112 to peer 0x585f6d47be30 (13 bytes)
1785859238.309486 sending message 112 to peer 0x585f6d47be30 (13 bytes)
1785859238.309490 sending message 112 to peer 0x585f6d47be30 (13 bytes)
1785859238.309494 sending message 112 to peer 0x585f6d47be30 (12 bytes)
1785859238.309499 sending message 112 to peer 0x585f6d47be30 (12 bytes)
1785859238.309508 sending message 112 to peer 0x585f6d47be30 (12 bytes)
1785859238.309512 sending message 112 to peer 0x585f6d47be30 (8 bytes)
1785859238.309516 sending message 112 to peer 0x585f6d47be30 (12 bytes)
1785859238.309521 sending message 112 to peer 0x585f6d47be30 (13 bytes)
1785859238.309525 sending message 112 to peer 0x585f6d47be30 (13 bytes)
1785859238.309529 sending message 112 to peer 0x585f6d47be30 (13 bytes)
1785859238.309533 sending message 112 to peer 0x585f6d47be30 (13 bytes)
1785859238.309538 sending message 112 to peer 0x585f6d47be30 (13 bytes)
1785859238.309542 sending message 112 to peer 0x585f6d47be30 (13 bytes)
1785859238.309546 sending message 112 to peer 0x585f6d47be30 (13 bytes)
1785859238.309550 sending message 112 to peer 0x585f6d47be30 (13 bytes)
1785859238.309554 sending message 112 to peer 0x585f6d47be30 (12 bytes)
1785859238.309559 sending message 112 to peer 0x585f6d47be30 (10 bytes)
1785859238.309563 sending message 112 to peer 0x585f6d47be30 (12 bytes)
1785859238.309567 sending message 112 to peer 0x585f6d47be30 (12 bytes)
1785859238.309571 sending message 112 to peer 0x585f6d47be30 (12 bytes)
1785859238.309575 sending message 112 to peer 0x585f6d47be30 (13 bytes)
1785859238.309579 sending message 112 to peer 0x585f6d47be30 (13 bytes)
1785859238.309584 sending message 112 to peer 0x585f6d47be30 (13 bytes)
1785859238.309588 sending message 112 to peer 0x585f6d47be30 (13 bytes)
1785859238.309592 sending message 112 to peer 0x585f6d47be30 (13 bytes)
1785859238.309596 sending message 112 to peer 0x585f6d47be30 (13 bytes)
1785859238.309600 sending message 112 to peer 0x585f6d47be30 (13 bytes)
1785859238.309604 sending message 112 to peer 0x585f6d47be30 (10 bytes)
1785859238.309608 sending message 112 to peer 0x585f6d47be30 (13 bytes)
1785859238.309613 sending message 112 to peer 0x585f6d47be30 (12 bytes)
1785859238.309617 sending message 112 to peer 0x585f6d47be30 (12 bytes)
1785859238.309621 sending message 112 to peer 0x585f6d47be30 (12 bytes)
1785859238.309625 sending message 112 to peer 0x585f6d47be30 (10 bytes)
1785859238.309630 sending message 112 to peer 0x585f6d47be30 (10 bytes)
1785859238.309634 sending message 112 to peer 0x585f6d47be30 (10 bytes)
1785859238.309638 sending message 112 to peer 0x585f6d47be30 (12 bytes)
1785859238.309642 sending message 112 to peer 0x585f6d47be30 (13 bytes)
1785859238.309646 sending message 112 to peer 0x585f6d47be30 (13 bytes)
1785859238.309650 sending message 112 to peer 0x585f6d47be30 (13 bytes)
1785859238.309654 sending message 112 to peer 0x585f6d47be30 (13 bytes)
1785859238.309658 sending message 112 to peer 0x585f6d47be30 (13 bytes)
1785859238.309663 sending message 112 to peer 0x585f6d47be30 (10 bytes)
1785859238.309667 sending message 112 to peer 0x585f6d47be30 (11 bytes)
1785859238.309671 sending message 112 to peer 0x585f6d47be30 (12 bytes)
1785859238.309675 sending message 112 to peer 0x585f6d47be30 (12 bytes)
1785859238.309679 sending message 112 to peer 0x585f6d47be30 (12 bytes)
1785859238.309683 sending message 112 to peer 0x585f6d47be30 (12 bytes)
1785859238.309688 sending message 112 to peer 0x585f6d47be30 (12 bytes)
1785859238.309692 sending message 112 to peer 0x585f6d47be30 (11 bytes)
1785859238.309696 sending message 112 to peer 0x585f6d47be30 (12 bytes)
1785859238.309700 sending message 112 to peer 0x585f6d47be30 (12 bytes)
1785859238.309704 sending message 112 to peer 0x585f6d47be30 (13 bytes)
1785859238.309708 sending message 112 to peer 0x585f6d47be30 (13 bytes)
1785859238.309712 sending message 112 to peer 0x585f6d47be30 (13 bytes)
1785859238.309716 sending message 112 to peer 0x585f6d47be30 (13 bytes)
1785859238.309721 sending message 112 to peer 0x585f6d47be30 (13 bytes)
1785859238.309725 sending message 112 to peer 0x585f6d47be30 (10 bytes)
1785859238.309729 sending message 112 to peer 0x585f6d47be30 (9 bytes)
1785859238.309733 sending message 112 to peer 0x585f6d47be30 (12 bytes)
1785859238.309737 sending message 112 to peer 0x585f6d47be30 (13 bytes)
1785859238.309741 sending message 112 to peer 0x585f6d47be30 (13 bytes)
1785859238.309750 sending message 112 to peer 0x585f6d47be30 (13 bytes)
1785859238.309754 sending message 112 to peer 0x585f6d47be30 (13 bytes)
1785859238.309758 sending message 112 to peer 0x585f6d47be30 (13 bytes)
1785859238.309762 sending message 112 to peer 0x585f6d47be30 (9 bytes)
1785859238.309767 sending message 112 to peer 0x585f6d47be30 (12 bytes)
1785859238.309771 sending message 112 to peer 0x585f6d47be30 (13 bytes)
1785859238.309775 sending message 112 to peer 0x585f6d47be30 (13 bytes)
1785859238.309779 sending message 112 to peer 0x585f6d47be30 (13 bytes)
1785859238.309784 sending message 112 to peer 0x585f6d47be30 (13 bytes)
1785859238.309788 sending message 112 to peer 0x585f6d47be30 (13 bytes)
1785859238.309792 sending message 112 to peer 0x585f6d47be30 (11 bytes)
1785859238.309796 sending message 112 to peer 0x585f6d47be30 (12 bytes)
1785859238.309800 sending message 112 to peer 0x585f6d47be30 (13 bytes)
1785859238.309805 sending message 112 to peer 0x585f6d47be30 (13 bytes)
1785859238.309809 sending message 112 to peer 0x585f6d47be30 (13 bytes)
1785859238.309813 sending message 112 to peer 0x585f6d47be30 (13 bytes)
1785859238.309817 sending message 112 to peer 0x585f6d47be30 (13 bytes)
1785859238.309821 sending message 112 to peer 0x585f6d47be30 (11 bytes)
1785859238.309826 sending message 112 to peer 0x585f6d47be30 (12 bytes)
1785859238.309830 sending message 112 to peer 0x585f6d47be30 (12 bytes)
1785859238.309834 sending message 112 to peer 0x585f6d47be30 (12 bytes)
1785859238.309839 sending message 112 to peer 0x585f6d47be30 (12 bytes)
1785859238.309843 sending message 112 to peer 0x585f6d47be30 (12 bytes)
1785859238.309847 sending message 112 to peer 0x585f6d47be30 (21 bytes)
1785859238.309852 sending message 112 to peer 0x585f6d47be30 (12 bytes)
1785859238.309857 sending message 112 to peer 0x585f6d47be30 (9 bytes)
1785859238.309862 sending message 112 to peer 0x585f6d47be30 (6 bytes)
1785859238.309874 sending message 112 to peer 0x585f6d47be30 (13 bytes)
1785859238.309881 sending message 112 to peer 0x585f6d47be30 (10 bytes)
1785859238.309887 sending message 112 to peer 0x585f6d47be30 (24 bytes)
1785859238.309890 sending message 112 to peer 0x585f6d47be30 (13 bytes)
1785859238.309894 sending message 112 to peer 0x585f6d47be30 (9 bytes)
1785859238.309897 sending message 112 to peer 0x585f6d47be30 (70 bytes)
1785859238.309901 sending message 112 to peer 0x585f6d47be30 (69 bytes)
1785859238.309904 sending message 112 to peer 0x585f6d47be30 (12 bytes)
1785859238.309908 sending message 112 to peer 0x585f6d47be30 (10 bytes)
1785859238.309911 sending message 112 to peer 0x585f6d47be30 (10 bytes)
1785859238.309915 sending message 112 to peer 0x585f6d47be30 (24 bytes)
1785859238.309918 sending message 112 to peer 0x585f6d47be30 (13 bytes)
1785859238.309921 sending message 112 to peer 0x585f6d47be30 (10 bytes)
1785859238.309925 sending message 112 to peer 0x585f6d47be30 (10 bytes)
1785859238.309929 sending message 112 to peer 0x585f6d47be30 (10 bytes)
1785859238.309932 sending message 112 to peer 0x585f6d47be30 (13 bytes)
1785859238.309935 sending message 112 to peer 0x585f6d47be30 (15 bytes)
1785859238.309939 sending message 112 to peer 0x585f6d47be30 (5 bytes)
1785859238.309945 sending message 104 to peer 0x585f6d47be30 (0 bytes)
1785859238.309950 sending message 110 to peer 0x585f6d47be30 (0 bytes)
1785859238.309956 sending message 107 to peer 0x585f6d47be30 (4 bytes)
1785859238.309960 sending message 105 to peer 0x585f6d47be30 (16 bytes)
1785859238.309964 sending message 105 to peer 0x585f6d47be30 (32 bytes)
1785859238.309970 sending message 105 to peer 0x585f6d47be30 (13 bytes)
1785859238.309975 sending message 105 to peer 0x585f6d47be30 (21 bytes)
1785859238.309980 sending message 105 to peer 0x585f6d47be30 (16 bytes)
1785859238.309984 sending message 105 to peer 0x585f6d47be30 (13 bytes)
1785859238.309989 sending message 105 to peer 0x585f6d47be30 (1817 bytes)
1785859238.310004 sending message 105 to peer 0x585f6d47be30 (52 bytes)
1785859238.310008 sending message 105 to peer 0x585f6d47be30 (34 bytes)
1785859238.310018 sending message 105 to peer 0x585f6d47be30 (23 bytes)
1785859238.310023 sending message 105 to peer 0x585f6d47be30 (20 bytes)
1785859238.310027 sending message 105 to peer 0x585f6d47be30 (32 bytes)
1785859238.310031 sending message 105 to peer 0x585f6d47be30 (10 bytes)
1785859238.310035 sending message 105 to peer 0x585f6d47be30 (8 bytes)
1785859238.310040 sending message 105 to peer 0x585f6d47be30 (21 bytes)
1785859238.310044 sending message 105 to peer 0x585f6d47be30 (31 bytes)
1785859238.310048 sending message 105 to peer 0x585f6d47be30 (33 bytes)
1785859238.310052 sending message 105 to peer 0x585f6d47be30 (65 bytes)
1785859238.310056 sending message 105 to peer 0x585f6d47be30 (104 bytes)
1785859238.310061 sending message 105 to peer 0x585f6d47be30 (54 bytes)
1785859238.311114 sending message 105 to peer 0x585f6d47be30 (19 bytes)
1785859238.311128 sending message 105 to peer 0x585f6d47be30 (27 bytes)
1785859238.311134 sending message 105 to peer 0x585f6d47be30 (16 bytes)
1785859238.311140 sending message 106 to peer 0x585f6d47be30 (0 bytes)
1785859238.311227 sending message 200 to peer 0x585f6d47be30 (4 bytes)
1785859238.311233 client loop enter
1785859238.311262 client_signal: Child exited
1785859238.437707 peer 0x585f6d47be30 message 207
1785859238.437726 sending message 208 to peer 0x585f6d47be30 (0 bytes)
1785859313.901846 peer 0x585f6d47be30 message 201
1785859313.901874 sending message 205 to peer 0x585f6d47be30 (0 bytes)
1785859313.902799 peer 0x585f6d47be30 message 204
1785859313.902812 client loop exit
