1785859249.717562 client started (2970780): version 3.4, socket /tmp/tmux-1001/default, protocol 8
1785859249.717602 on Linux 6.8.0-101-generic #101-Ubuntu SMP PREEMPT_DYNAMIC Mon Feb  9 10:15:05 UTC 2026
1785859249.717606 using libevent 2.1.12-stable poll
1785859249.717610 using ncurses 6.4 20240113
1785859249.717633 flags are 0x10010000
1785859249.717651 socket is /tmp/tmux-1001/default
1785859249.717672 trying connect
1785859249.718035 add peer 0x5e8e79877c90: 6 ((nil))
1785859249.718563 sending message 100 to peer 0x5e8e79877c90 (4 bytes)
1785859249.718578 sending message 111 to peer 0x5e8e79877c90 (8 bytes)
1785859249.718582 sending message 101 to peer 0x5e8e79877c90 (14 bytes)
1785859249.718586 sending message 109 to peer 0x5e8e79877c90 (4 bytes)
1785859249.718589 sending message 102 to peer 0x5e8e79877c90 (11 bytes)
1785859249.718594 sending message 108 to peer 0x5e8e79877c90 (28 bytes)
1785859249.718597 sending message 112 to peer 0x5e8e79877c90 (70 bytes)
1785859249.718601 sending message 112 to peer 0x5e8e79877c90 (5 bytes)
1785859249.718605 sending message 112 to peer 0x5e8e79877c90 (5 bytes)
1785859249.718609 sending message 112 to peer 0x5e8e79877c90 (6 bytes)
1785859249.718612 sending message 112 to peer 0x5e8e79877c90 (6 bytes)
1785859249.718615 sending message 112 to peer 0x5e8e79877c90 (11 bytes)
1785859249.718619 sending message 112 to peer 0x5e8e79877c90 (10 bytes)
1785859249.718623 sending message 112 to peer 0x5e8e79877c90 (13 bytes)
1785859249.718626 sending message 112 to peer 0x5e8e79877c90 (13 bytes)
1785859249.718630 sending message 112 to peer 0x5e8e79877c90 (18 bytes)
1785859249.718634 sending message 112 to peer 0x5e8e79877c90 (11 bytes)
1785859249.718638 sending message 112 to peer 0x5e8e79877c90 (10 bytes)
1785859249.718641 sending message 112 to peer 0x5e8e79877c90 (15 bytes)
1785859249.718645 sending message 112 to peer 0x5e8e79877c90 (21 bytes)
1785859249.718648 sending message 112 to peer 0x5e8e79877c90 (13 bytes)
1785859249.718652 sending message 112 to peer 0x5e8e79877c90 (7 bytes)
1785859249.718656 sending message 112 to peer 0x5e8e79877c90 (13 bytes)
1785859249.718659 sending message 112 to peer 0x5e8e79877c90 (7 bytes)
1785859249.718663 sending message 112 to peer 0x5e8e79877c90 (13 bytes)
1785859249.718666 sending message 112 to peer 0x5e8e79877c90 (9 bytes)
1785859249.718670 sending message 112 to peer 0x5e8e79877c90 (21 bytes)
1785859249.718696 sending message 112 to peer 0x5e8e79877c90 (13 bytes)
1785859249.718699 sending message 112 to peer 0x5e8e79877c90 (8 bytes)
1785859249.718703 sending message 112 to peer 0x5e8e79877c90 (12 bytes)
1785859249.718716 sending message 112 to peer 0x5e8e79877c90 (13 bytes)
1785859249.718720 sending message 112 to peer 0x5e8e79877c90 (9 bytes)
1785859249.718724 sending message 112 to peer 0x5e8e79877c90 (9 bytes)
1785859249.718728 sending message 112 to peer 0x5e8e79877c90 (12 bytes)
1785859249.718731 sending message 112 to peer 0x5e8e79877c90 (8 bytes)
1785859249.718735 sending message 112 to peer 0x5e8e79877c90 (8 bytes)
1785859249.718739 sending message 112 to peer 0x5e8e79877c90 (7 bytes)
1785859249.718742 sending message 112 to peer 0x5e8e79877c90 (7 bytes)
1785859249.718746 sending message 112 to peer 0x5e8e79877c90 (9 bytes)
1785859249.718750 sending message 112 to peer 0x5e8e79877c90 (13 bytes)
1785859249.718754 sending message 112 to peer 0x5e8e79877c90 (6 bytes)
1785859249.718757 sending message 112 to peer 0x5e8e79877c90 (9 bytes)
1785859249.718761 sending message 112 to peer 0x5e8e79877c90 (15 bytes)
1785859249.718765 sending message 112 to peer 0x5e8e79877c90 (13 bytes)
1785859249.718768 sending message 112 to peer 0x5e8e79877c90 (12 bytes)
1785859249.718772 sending message 112 to peer 0x5e8e79877c90 (8 bytes)
1785859249.718776 sending message 112 to peer 0x5e8e79877c90 (14 bytes)
1785859249.718779 sending message 112 to peer 0x5e8e79877c90 (11 bytes)
1785859249.718783 sending message 112 to peer 0x5e8e79877c90 (9 bytes)
1785859249.718787 sending message 112 to peer 0x5e8e79877c90 (10 bytes)
1785859249.718790 sending message 112 to peer 0x5e8e79877c90 (10 bytes)
1785859249.718806 sending message 112 to peer 0x5e8e79877c90 (10 bytes)
1785859249.718810 sending message 112 to peer 0x5e8e79877c90 (10 bytes)
1785859249.718814 sending message 112 to peer 0x5e8e79877c90 (11 bytes)
1785859249.718817 sending message 112 to peer 0x5e8e79877c90 (12 bytes)
1785859249.718821 sending message 112 to peer 0x5e8e79877c90 (12 bytes)
1785859249.718825 sending message 112 to peer 0x5e8e79877c90 (12 bytes)
1785859249.718828 sending message 112 to peer 0x5e8e79877c90 (12 bytes)
1785859249.718832 sending message 112 to peer 0x5e8e79877c90 (12 bytes)
1785859249.718836 sending message 112 to peer 0x5e8e79877c90 (11 bytes)
1785859249.718839 sending message 112 to peer 0x5e8e79877c90 (11 bytes)
1785859249.718843 sending message 112 to peer 0x5e8e79877c90 (12 bytes)
1785859249.718847 sending message 112 to peer 0x5e8e79877c90 (12 bytes)
1785859249.718850 sending message 112 to peer 0x5e8e79877c90 (12 bytes)
1785859249.718854 sending message 112 to peer 0x5e8e79877c90 (12 bytes)
1785859249.718858 sending message 112 to peer 0x5e8e79877c90 (12 bytes)
1785859249.718861 sending message 112 to peer 0x5e8e79877c90 (10 bytes)
1785859249.718865 sending message 112 to peer 0x5e8e79877c90 (12 bytes)
1785859249.718868 sending message 112 to peer 0x5e8e79877c90 (13 bytes)
1785859249.718872 sending message 112 to peer 0x5e8e79877c90 (13 bytes)
1785859249.718876 sending message 112 to peer 0x5e8e79877c90 (13 bytes)
1785859249.718879 sending message 112 to peer 0x5e8e79877c90 (13 bytes)
1785859249.718883 sending message 112 to peer 0x5e8e79877c90 (13 bytes)
1785859249.718886 sending message 112 to peer 0x5e8e79877c90 (8 bytes)
1785859249.718890 sending message 112 to peer 0x5e8e79877c90 (11 bytes)
1785859249.718894 sending message 112 to peer 0x5e8e79877c90 (11 bytes)
1785859249.718897 sending message 112 to peer 0x5e8e79877c90 (11 bytes)
1785859249.718901 sending message 112 to peer 0x5e8e79877c90 (12 bytes)
1785859249.718905 sending message 112 to peer 0x5e8e79877c90 (12 bytes)
1785859249.718908 sending message 112 to peer 0x5e8e79877c90 (12 bytes)
1785859249.718912 sending message 112 to peer 0x5e8e79877c90 (12 bytes)
1785859249.718915 sending message 112 to peer 0x5e8e79877c90 (13 bytes)
1785859249.718919 sending message 112 to peer 0x5e8e79877c90 (13 bytes)
1785859249.718923 sending message 112 to peer 0x5e8e79877c90 (13 bytes)
1785859249.718926 sending message 112 to peer 0x5e8e79877c90 (8 bytes)
1785859249.718930 sending message 112 to peer 0x5e8e79877c90 (13 bytes)
1785859249.718934 sending message 112 to peer 0x5e8e79877c90 (13 bytes)
1785859249.718937 sending message 112 to peer 0x5e8e79877c90 (13 bytes)
1785859249.718941 sending message 112 to peer 0x5e8e79877c90 (13 bytes)
1785859249.718945 sending message 112 to peer 0x5e8e79877c90 (13 bytes)
1785859249.718948 sending message 112 to peer 0x5e8e79877c90 (12 bytes)
1785859249.718952 sending message 112 to peer 0x5e8e79877c90 (12 bytes)
1785859249.718955 sending message 112 to peer 0x5e8e79877c90 (12 bytes)
1785859249.718959 sending message 112 to peer 0x5e8e79877c90 (12 bytes)
1785859249.718963 sending message 112 to peer 0x5e8e79877c90 (13 bytes)
1785859249.718966 sending message 112 to peer 0x5e8e79877c90 (8 bytes)
1785859249.718970 sending message 112 to peer 0x5e8e79877c90 (13 bytes)
1785859249.718974 sending message 112 to peer 0x5e8e79877c90 (13 bytes)
1785859249.718977 sending message 112 to peer 0x5e8e79877c90 (13 bytes)
1785859249.718981 sending message 112 to peer 0x5e8e79877c90 (13 bytes)
1785859249.718984 sending message 112 to peer 0x5e8e79877c90 (13 bytes)
1785859249.718988 sending message 112 to peer 0x5e8e79877c90 (13 bytes)
1785859249.718991 sending message 112 to peer 0x5e8e79877c90 (13 bytes)
1785859249.718995 sending message 112 to peer 0x5e8e79877c90 (12 bytes)
1785859249.718999 sending message 112 to peer 0x5e8e79877c90 (12 bytes)
1785859249.719002 sending message 112 to peer 0x5e8e79877c90 (12 bytes)
1785859249.719006 sending message 112 to peer 0x5e8e79877c90 (8 bytes)
1785859249.719010 sending message 112 to peer 0x5e8e79877c90 (12 bytes)
1785859249.719018 sending message 112 to peer 0x5e8e79877c90 (13 bytes)
1785859249.719021 sending message 112 to peer 0x5e8e79877c90 (13 bytes)
1785859249.719025 sending message 112 to peer 0x5e8e79877c90 (13 bytes)
1785859249.719029 sending message 112 to peer 0x5e8e79877c90 (13 bytes)
1785859249.719032 sending message 112 to peer 0x5e8e79877c90 (13 bytes)
1785859249.719036 sending message 112 to peer 0x5e8e79877c90 (13 bytes)
1785859249.719039 sending message 112 to peer 0x5e8e79877c90 (13 bytes)
1785859249.719043 sending message 112 to peer 0x5e8e79877c90 (13 bytes)
1785859249.719047 sending message 112 to peer 0x5e8e79877c90 (12 bytes)
1785859249.719051 sending message 112 to peer 0x5e8e79877c90 (10 bytes)
1785859249.719054 sending message 112 to peer 0x5e8e79877c90 (12 bytes)
1785859249.719058 sending message 112 to peer 0x5e8e79877c90 (12 bytes)
1785859249.719092 sending message 112 to peer 0x5e8e79877c90 (12 bytes)
1785859249.719099 sending message 112 to peer 0x5e8e79877c90 (13 bytes)
1785859249.719103 sending message 112 to peer 0x5e8e79877c90 (13 bytes)
1785859249.719107 sending message 112 to peer 0x5e8e79877c90 (13 bytes)
1785859249.719111 sending message 112 to peer 0x5e8e79877c90 (13 bytes)
1785859249.719114 sending message 112 to peer 0x5e8e79877c90 (13 bytes)
1785859249.719118 sending message 112 to peer 0x5e8e79877c90 (13 bytes)
1785859249.719122 sending message 112 to peer 0x5e8e79877c90 (13 bytes)
1785859249.719125 sending message 112 to peer 0x5e8e79877c90 (10 bytes)
1785859249.719129 sending message 112 to peer 0x5e8e79877c90 (13 bytes)
1785859249.719132 sending message 112 to peer 0x5e8e79877c90 (12 bytes)
1785859249.719136 sending message 112 to peer 0x5e8e79877c90 (12 bytes)
1785859249.719140 sending message 112 to peer 0x5e8e79877c90 (12 bytes)
1785859249.719143 sending message 112 to peer 0x5e8e79877c90 (10 bytes)
1785859249.719147 sending message 112 to peer 0x5e8e79877c90 (10 bytes)
1785859249.719151 sending message 112 to peer 0x5e8e79877c90 (10 bytes)
1785859249.719154 sending message 112 to peer 0x5e8e79877c90 (12 bytes)
1785859249.719158 sending message 112 to peer 0x5e8e79877c90 (13 bytes)
1785859249.719161 sending message 112 to peer 0x5e8e79877c90 (13 bytes)
1785859249.719165 sending message 112 to peer 0x5e8e79877c90 (13 bytes)
1785859249.719169 sending message 112 to peer 0x5e8e79877c90 (13 bytes)
1785859249.719172 sending message 112 to peer 0x5e8e79877c90 (13 bytes)
1785859249.719176 sending message 112 to peer 0x5e8e79877c90 (11 bytes)
1785859249.719180 sending message 112 to peer 0x5e8e79877c90 (11 bytes)
1785859249.719183 sending message 112 to peer 0x5e8e79877c90 (12 bytes)
1785859249.719187 sending message 112 to peer 0x5e8e79877c90 (12 bytes)
1785859249.719191 sending message 112 to peer 0x5e8e79877c90 (12 bytes)
1785859249.719194 sending message 112 to peer 0x5e8e79877c90 (12 bytes)
1785859249.719198 sending message 112 to peer 0x5e8e79877c90 (12 bytes)
1785859249.719202 sending message 112 to peer 0x5e8e79877c90 (11 bytes)
1785859249.719205 sending message 112 to peer 0x5e8e79877c90 (12 bytes)
1785859249.719209 sending message 112 to peer 0x5e8e79877c90 (12 bytes)
1785859249.719212 sending message 112 to peer 0x5e8e79877c90 (13 bytes)
1785859249.719216 sending message 112 to peer 0x5e8e79877c90 (13 bytes)
1785859249.719220 sending message 112 to peer 0x5e8e79877c90 (13 bytes)
1785859249.719223 sending message 112 to peer 0x5e8e79877c90 (13 bytes)
1785859249.719227 sending message 112 to peer 0x5e8e79877c90 (13 bytes)
1785859249.719230 sending message 112 to peer 0x5e8e79877c90 (10 bytes)
1785859249.719234 sending message 112 to peer 0x5e8e79877c90 (9 bytes)
1785859249.719238 sending message 112 to peer 0x5e8e79877c90 (12 bytes)
1785859249.719241 sending message 112 to peer 0x5e8e79877c90 (13 bytes)
1785859249.719245 sending message 112 to peer 0x5e8e79877c90 (13 bytes)
1785859249.719249 sending message 112 to peer 0x5e8e79877c90 (13 bytes)
1785859249.719252 sending message 112 to peer 0x5e8e79877c90 (13 bytes)
1785859249.719256 sending message 112 to peer 0x5e8e79877c90 (13 bytes)
1785859249.719265 sending message 112 to peer 0x5e8e79877c90 (9 bytes)
1785859249.719268 sending message 112 to peer 0x5e8e79877c90 (12 bytes)
1785859249.719272 sending message 112 to peer 0x5e8e79877c90 (13 bytes)
1785859249.719276 sending message 112 to peer 0x5e8e79877c90 (13 bytes)
1785859249.719279 sending message 112 to peer 0x5e8e79877c90 (13 bytes)
1785859249.719283 sending message 112 to peer 0x5e8e79877c90 (13 bytes)
1785859249.719286 sending message 112 to peer 0x5e8e79877c90 (13 bytes)
1785859249.719290 sending message 112 to peer 0x5e8e79877c90 (11 bytes)
1785859249.719294 sending message 112 to peer 0x5e8e79877c90 (12 bytes)
1785859249.719297 sending message 112 to peer 0x5e8e79877c90 (13 bytes)
1785859249.719301 sending message 112 to peer 0x5e8e79877c90 (13 bytes)
1785859249.719305 sending message 112 to peer 0x5e8e79877c90 (13 bytes)
1785859249.719309 sending message 112 to peer 0x5e8e79877c90 (13 bytes)
1785859249.719312 sending message 112 to peer 0x5e8e79877c90 (13 bytes)
1785859249.719316 sending message 112 to peer 0x5e8e79877c90 (11 bytes)
1785859249.719320 sending message 112 to peer 0x5e8e79877c90 (12 bytes)
1785859249.719323 sending message 112 to peer 0x5e8e79877c90 (12 bytes)
1785859249.719326 sending message 112 to peer 0x5e8e79877c90 (12 bytes)
1785859249.719330 sending message 112 to peer 0x5e8e79877c90 (12 bytes)
1785859249.719334 sending message 112 to peer 0x5e8e79877c90 (12 bytes)
1785859249.719338 sending message 112 to peer 0x5e8e79877c90 (21 bytes)
1785859249.719341 sending message 112 to peer 0x5e8e79877c90 (12 bytes)
1785859249.719345 sending message 112 to peer 0x5e8e79877c90 (9 bytes)
1785859249.719349 sending message 112 to peer 0x5e8e79877c90 (6 bytes)
1785859249.719353 sending message 112 to peer 0x5e8e79877c90 (13 bytes)
1785859249.719356 sending message 112 to peer 0x5e8e79877c90 (8 bytes)
1785859249.719360 sending message 112 to peer 0x5e8e79877c90 (15 bytes)
1785859249.719364 sending message 112 to peer 0x5e8e79877c90 (13 bytes)
1785859249.719367 sending message 112 to peer 0x5e8e79877c90 (9 bytes)
1785859249.719371 sending message 112 to peer 0x5e8e79877c90 (70 bytes)
1785859249.719375 sending message 112 to peer 0x5e8e79877c90 (69 bytes)
1785859249.719379 sending message 112 to peer 0x5e8e79877c90 (10 bytes)
1785859249.719382 sending message 112 to peer 0x5e8e79877c90 (10 bytes)
1785859249.719386 sending message 112 to peer 0x5e8e79877c90 (8 bytes)
1785859249.719390 sending message 112 to peer 0x5e8e79877c90 (15 bytes)
1785859249.719393 sending message 112 to peer 0x5e8e79877c90 (13 bytes)
1785859249.719398 sending message 112 to peer 0x5e8e79877c90 (10 bytes)
1785859249.719401 sending message 112 to peer 0x5e8e79877c90 (10 bytes)
1785859249.719405 sending message 112 to peer 0x5e8e79877c90 (17 bytes)
1785859249.719409 sending message 112 to peer 0x5e8e79877c90 (10 bytes)
1785859249.719413 sending message 112 to peer 0x5e8e79877c90 (13 bytes)
1785859249.719416 sending message 112 to peer 0x5e8e79877c90 (9 bytes)
1785859249.719420 sending message 112 to peer 0x5e8e79877c90 (5 bytes)
1785859249.719424 sending message 112 to peer 0x5e8e79877c90 (15 bytes)
1785859249.719430 sending message 104 to peer 0x5e8e79877c90 (0 bytes)
1785859249.719434 sending message 110 to peer 0x5e8e79877c90 (0 bytes)
1785859249.719439 sending message 107 to peer 0x5e8e79877c90 (4 bytes)
1785859249.719443 sending message 105 to peer 0x5e8e79877c90 (16 bytes)
1785859249.719447 sending message 105 to peer 0x5e8e79877c90 (25 bytes)
1785859249.719451 sending message 105 to peer 0x5e8e79877c90 (38 bytes)
1785859249.719455 sending message 105 to peer 0x5e8e79877c90 (32 bytes)
1785859249.719458 sending message 105 to peer 0x5e8e79877c90 (13 bytes)
1785859249.719462 sending message 105 to peer 0x5e8e79877c90 (21 bytes)
1785859249.719466 sending message 105 to peer 0x5e8e79877c90 (16 bytes)
1785859249.719470 sending message 105 to peer 0x5e8e79877c90 (13 bytes)
1785859249.719474 sending message 105 to peer 0x5e8e79877c90 (1817 bytes)
1785859249.719490 sending message 105 to peer 0x5e8e79877c90 (52 bytes)
1785859249.719498 sending message 105 to peer 0x5e8e79877c90 (34 bytes)
1785859249.719502 sending message 105 to peer 0x5e8e79877c90 (23 bytes)
1785859249.719506 sending message 105 to peer 0x5e8e79877c90 (19 bytes)
1785859249.719509 sending message 105 to peer 0x5e8e79877c90 (32 bytes)
1785859249.719529 sending message 105 to peer 0x5e8e79877c90 (10 bytes)
1785859249.719532 sending message 105 to peer 0x5e8e79877c90 (13 bytes)
1785859249.719536 sending message 105 to peer 0x5e8e79877c90 (8 bytes)
1785859249.719540 sending message 105 to peer 0x5e8e79877c90 (21 bytes)
1785859249.719543 sending message 105 to peer 0x5e8e79877c90 (31 bytes)
1785859249.719547 sending message 105 to peer 0x5e8e79877c90 (33 bytes)
1785859249.719551 sending message 105 to peer 0x5e8e79877c90 (65 bytes)
1785859249.719555 sending message 105 to peer 0x5e8e79877c90 (104 bytes)
1785859249.719558 sending message 105 to peer 0x5e8e79877c90 (54 bytes)
1785859249.719561 sending message 105 to peer 0x5e8e79877c90 (19 bytes)
1785859249.719564 sending message 105 to peer 0x5e8e79877c90 (27 bytes)
1785859249.719568 sending message 105 to peer 0x5e8e79877c90 (18 bytes)
1785859249.719571 sending message 105 to peer 0x5e8e79877c90 (16 bytes)
1785859249.719574 sending message 106 to peer 0x5e8e79877c90 (0 bytes)
1785859249.719653 sending message 200 to peer 0x5e8e79877c90 (4 bytes)
1785859249.719656 client loop enter
1785859249.722322 peer 0x5e8e79877c90 message 303
1785859249.722334 open write file 2 -
1785859249.722345 sending message 305 to peer 0x5e8e79877c90 (8 bytes)
1785859249.722355 write check file 2
1785859249.722558 peer 0x5e8e79877c90 message 304
1785859249.722563 write 58 to file 2
1785859249.722568 peer 0x5e8e79877c90 message 203
1785859249.722572 file 2 58 bytes left
1785859249.722971 write check file 2
1785859249.722977 client loop exit
